../Core/Src/main.c:157:5:length	16	static
../Core/Src/main.c:167:6:submenus_set	24	static
../Core/Src/main.c:191:6:submenus_esc	16	static
../Core/Src/main.c:205:6:lcd_print	24	static
../Core/Src/main.c:217:6:page_buffer_choice	16	static
../Core/Src/main.c:231:6:menu_choice	16	static
../Core/Src/main.c:313:6:cross_clear	16	static
../Core/Src/main.c:331:5:buton_flag_function	8	static
../Core/Src/main.c:361:6:buton_flag	8	static
../Core/Src/main.c:412:6:temp	24	static
../Core/Src/main.c:444:5:main	8	static
../Core/Src/main.c:502:6:SystemClock_Config	72	static
../Core/Src/main.c:539:13:MX_I2C1_Init	8	static
../Core/Src/main.c:573:13:MX_TIM1_Init	32	static
../Core/Src/main.c:619:13:MX_GPIO_Init	40	static
../Core/Src/main.c:645:6:HAL_TIM_PeriodElapsedCallback	16	static
../Core/Src/main.c:673:6:Error_Handler	4	static,ignoring_inline_asm
