17:53:54 **** Incremental Build of configuration Debug for project software ****
make -j8 all 
arm-none-eabi-size   software.elf 
   text	   data	    bss	    dec	    hex	filename
  14756	   2292	   2796	  19844	   4d84	software.elf
Finished building: default.size.stdout
 
17:55:30 **** Incremental Build of configuration Debug for project software ****
make -j8 all 
arm-none-eabi-size   software.elf 
   text	   data	    bss	    dec	    hex	filename
  14756	   2292	   2796	  19844	   4d84	software.elf
Finished building: default.size.stdout
 
18:07:46 **** Incremental Build of configuration Debug for project software ****
make -j8 all 
arm-none-eabi-size   software.elf 
   text	   data	    bss	    dec	    hex	filename
  14756	   2292	   2796	  19844	   4d84	software.elf
Finished building: default.size.stdout
 
18:08:34 **** Incremental Build of configuration Debug for project software ****
make -j8 all 
arm-none-eabi-size   software.elf 
   text	   data	    bss	    dec	    hex	filename
  14756	   2292	   2796	  19844	   4d84	software.elf
Finished building: default.size.stdout
 
18:10:13 **** Incremental Build of configuration Debug for project software ****
make -j8 all 
arm-none-eabi-size   software.elf 
   text	   data	    bss	    dec	    hex	filename
  14756	   2292	   2796	  19844	   4d84	software.elf
Finished building: default.size.stdout
 
18:10:52 **** Incremental Build of configuration Debug for project software ****
make -j8 all 
arm-none-eabi-size   software.elf 
   text	   data	    bss	    dec	    hex	filename
  14756	   2292	   2796	  19844	   4d84	software.elf
Finished building: default.size.stdout
 
18:10:56 **** Incremental Build of configuration Debug for project software ****
make -j8 all 
arm-none-eabi-size   software.elf 
   text	   data	    bss	    dec	    hex	filename
  14756	   2292	   2796	  19844	   4d84	software.elf
Finished building: default.size.stdout
 
08:38:38 **** Incremental Build of configuration Debug for project software ****
make -j8 all 
arm-none-eabi-size   software.elf 
   text	   data	    bss	    dec	    hex	filename
  14756	   2292	   2796	  19844	   4d84	software.elf
Finished building: default.size.stdout
 
08:39:39 **** Incremental Build of configuration Debug for project software ****
make -j8 all 
arm-none-eabi-size   software.elf 
   text	   data	    bss	    dec	    hex	filename
  14756	   2292	   2796	  19844	   4d84	software.elf
Finished building: default.size.stdout
 
08:40:00 **** Incremental Build of configuration Debug for project software ****
make -j8 all 
arm-none-eabi-size   software.elf 
   text	   data	    bss	    dec	    hex	filename
  14756	   2292	   2796	  19844	   4d84	software.elf
Finished building: default.size.stdout
 
11:33:07 **** Incremental Build of configuration Debug for project software ****
make -j8 all 
arm-none-eabi-size   software.elf 
   text	   data	    bss	    dec	    hex	filename
  14756	   2292	   2796	  19844	   4d84	software.elf
Finished building: default.size.stdout
 
14:44:12 **** Incremental Build of configuration Debug for project software ****
make -j8 all 
arm-none-eabi-size   software.elf 
   text	   data	    bss	    dec	    hex	filename
  14756	   2292	   2796	  19844	   4d84	software.elf
Finished building: default.size.stdout
 
14:45:39 **** Incremental Build of configuration Debug for project software ****
make -j8 all 
arm-none-eabi-size   software.elf 
   text	   data	    bss	    dec	    hex	filename
  14756	   2292	   2796	  19844	   4d84	software.elf
Finished building: default.size.stdout
 
14:46:08 **** Incremental Build of configuration Debug for project software ****
make -j8 all 
arm-none-eabi-size   software.elf 
   text	   data	    bss	    dec	    hex	filename
  14756	   2292	   2796	  19844	   4d84	software.elf
Finished building: default.size.stdout
 
14:48:11 **** Incremental Build of configuration Debug for project software ****
make -j8 all 
arm-none-eabi-size   software.elf 
   text	   data	    bss	    dec	    hex	filename
  14756	   2292	   2796	  19844	   4d84	software.elf
Finished building: default.size.stdout
 
